This is XeTeX, Version 3.141592653-2.6-0.999997 (TeX Live 2025/nixos.org) (preloaded format=xelatex)
 restricted \write18 enabled.
entering extended mode
(../results/report/assignment02.tex
LaTeX2e <2025-11-01>
L3 programming layer <2026-01-19>

(/nix/store/xjrq257gzp8lrcwi0dx2kk9k8nvdrdm9-texlive-combined-2025-texmfdist/te
x/latex/ctex/ctexart.cls
(/nix/store/xjrq257gzp8lrcwi0dx2kk9k8nvdrdm9-texlive-combined-2025-texmfdist/te
x/latex/ctex/config/ctexbackend.cfg)
(/nix/store/xjrq257gzp8lrcwi0dx2kk9k8nvdrdm9-texlive-combined-2025-texmfdist/te
x/latex/l3kernel/expl3.sty
(/nix/store/xjrq257gzp8lrcwi0dx2kk9k8nvdrdm9-texlive-combined-2025-texmfdist/te
x/latex/l3backend/l3backend-xetex.def))
Document Class: ctexart 2022/07/14 v2.5.10 Chinese adapter for class article (C
TEX)

(/nix/store/xjrq257gzp8lrcwi0dx2kk9k8nvdrdm9-texlive-combined-2025-texmfdist/te
x/latex/ctex/ctexhook.sty)
(/nix/store/xjrq257gzp8lrcwi0dx2kk9k8nvdrdm9-texlive-combined-2025-texmfdist/te
x/latex/ctex/ctexpatch.sty)
(/nix/store/xjrq257gzp8lrcwi0dx2kk9k8nvdrdm9-texlive-combined-2025-texmfdist/te
x/latex/base/fix-cm.sty
(/nix/store/xjrq257gzp8lrcwi0dx2kk9k8nvdrdm9-texlive-combined-2025-texmfdist/te
x/latex/base/ts1enc.def))
(/nix/store/xjrq257gzp8lrcwi0dx2kk9k8nvdrdm9-texlive-combined-2025-texmfdist/te
x/latex/ctex/config/ctexopts.cfg)
(/nix/store/xjrq257gzp8lrcwi0dx2kk9k8nvdrdm9-texlive-combined-2025-texmfdist/te
x/latex/base/article.cls
Document Class: article 2025/01/22 v1.4n Standard LaTeX document class

(/nix/store/xjrq257gzp8lrcwi0dx2kk9k8nvdrdm9-texlive-combined-2025-texmfdist/te
x/latex/base/size11.clo))
(/nix/store/xjrq257gzp8lrcwi0dx2kk9k8nvdrdm9-texlive-combined-2025-texmfdist/te
x/latex/ctex/engine/ctex-engine-xetex.def
(/nix/store/xjrq257gzp8lrcwi0dx2kk9k8nvdrdm9-texlive-combined-2025-texmfdist/te
x/xelatex/xecjk/xeCJK.sty
(/nix/store/xjrq257gzp8lrcwi0dx2kk9k8nvdrdm9-texlive-combined-2025-texmfdist/te
x/latex/l3packages/xtemplate/xtemplate.sty)
(/nix/store/xjrq257gzp8lrcwi0dx2kk9k8nvdrdm9-texlive-combined-2025-texmfdist/te
x/latex/fontspec/fontspec.sty
(/nix/store/xjrq257gzp8lrcwi0dx2kk9k8nvdrdm9-texlive-combined-2025-texmfdist/te
x/latex/l3packages/xparse/xparse.sty)
(/nix/store/xjrq257gzp8lrcwi0dx2kk9k8nvdrdm9-texlive-combined-2025-texmfdist/te
x/latex/fontspec/fontspec-xetex.sty
(/nix/store/xjrq257gzp8lrcwi0dx2kk9k8nvdrdm9-texlive-combined-2025-texmfdist/te
x/latex/base/fontenc.sty)
(/nix/store/xjrq257gzp8lrcwi0dx2kk9k8nvdrdm9-texlive-combined-2025-texmfdist/te
x/latex/fontspec/fontspec.cfg)))
(/nix/store/xjrq257gzp8lrcwi0dx2kk9k8nvdrdm9-texlive-combined-2025-texmfdist/te
x/xelatex/xecjk/xeCJK.cfg)))
(/nix/store/xjrq257gzp8lrcwi0dx2kk9k8nvdrdm9-texlive-combined-2025-texmfdist/te
x/latex/zhnumber/zhnumber.sty
(/nix/store/xjrq257gzp8lrcwi0dx2kk9k8nvdrdm9-texlive-combined-2025-texmfdist/te
x/latex/zhnumber/zhnumber-utf8.cfg))
(/nix/store/xjrq257gzp8lrcwi0dx2kk9k8nvdrdm9-texlive-combined-2025-texmfdist/te
x/latex/ctex/scheme/ctex-scheme-chinese-article.def
(/nix/store/xjrq257gzp8lrcwi0dx2kk9k8nvdrdm9-texlive-combined-2025-texmfdist/te
x/latex/ctex/config/ctex-name-utf8.cfg))
(/nix/store/xjrq257gzp8lrcwi0dx2kk9k8nvdrdm9-texlive-combined-2025-texmfdist/te
x/latex/ctex/fontset/ctex-fontset-fandol.def))
(/nix/store/xjrq257gzp8lrcwi0dx2kk9k8nvdrdm9-texlive-combined-2025-texmfdist/te
x/latex/ctex/config/ctex.cfg)
(/nix/store/xjrq257gzp8lrcwi0dx2kk9k8nvdrdm9-texlive-combined-2025-texmfdist/te
x/latex/geometry/geometry.sty
(/nix/store/xjrq257gzp8lrcwi0dx2kk9k8nvdrdm9-texlive-combined-2025-texmfdist/te
x/latex/graphics/keyval.sty)
(/nix/store/xjrq257gzp8lrcwi0dx2kk9k8nvdrdm9-texlive-combined-2025-texmfdist/te
x/generic/iftex/ifvtex.sty
(/nix/store/xjrq257gzp8lrcwi0dx2kk9k8nvdrdm9-texlive-combined-2025-texmfdist/te
x/generic/iftex/iftex.sty)))
(/nix/store/xjrq257gzp8lrcwi0dx2kk9k8nvdrdm9-texlive-combined-2025-texmfdist/te
x/latex/amsmath/amsmath.sty
For additional information on amsmath, use the `?' option.

(/nix/store/xjrq257gzp8lrcwi0dx2kk9k8nvdrdm9-texlive-combined-2025-texmfdist/te
x/latex/amsmath/amstext.sty
(/nix/store/xjrq257gzp8lrcwi0dx2kk9k8nvdrdm9-texlive-combined-2025-texmfdist/te
x/latex/amsmath/amsgen.sty))
(/nix/store/xjrq257gzp8lrcwi0dx2kk9k8nvdrdm9-texlive-combined-2025-texmfdist/te
x/latex/amsmath/amsbsy.sty)
(/nix/store/xjrq257gzp8lrcwi0dx2kk9k8nvdrdm9-texlive-combined-2025-texmfdist/te
x/latex/amsmath/amsopn.sty))
(/nix/store/xjrq257gzp8lrcwi0dx2kk9k8nvdrdm9-texlive-combined-2025-texmfdist/te
x/latex/amsfonts/amssymb.sty
(/nix/store/xjrq257gzp8lrcwi0dx2kk9k8nvdrdm9-texlive-combined-2025-texmfdist/te
x/latex/amsfonts/amsfonts.sty))
(/nix/store/xjrq257gzp8lrcwi0dx2kk9k8nvdrdm9-texlive-combined-2025-texmfdist/te
x/latex/booktabs/booktabs.sty)
(/nix/store/xjrq257gzp8lrcwi0dx2kk9k8nvdrdm9-texlive-combined-2025-texmfdist/te
x/latex/tools/array.sty)
(/nix/store/xjrq257gzp8lrcwi0dx2kk9k8nvdrdm9-texlive-combined-2025-texmfdist/te
x/latex/multirow/multirow.sty)
(/nix/store/xjrq257gzp8lrcwi0dx2kk9k8nvdrdm9-texlive-combined-2025-texmfdist/te
x/latex/tools/longtable.sty)
(/nix/store/xjrq257gzp8lrcwi0dx2kk9k8nvdrdm9-texlive-combined-2025-texmfdist/te
x/latex/tools/calc.sty)
(/nix/store/xjrq257gzp8lrcwi0dx2kk9k8nvdrdm9-texlive-combined-2025-texmfdist/te
x/latex/etoolbox/etoolbox.sty)
(/nix/store/xjrq257gzp8lrcwi0dx2kk9k8nvdrdm9-texlive-combined-2025-texmfdist/te
x/latex/enumitem/enumitem.sty)
(/nix/store/xjrq257gzp8lrcwi0dx2kk9k8nvdrdm9-texlive-combined-2025-texmfdist/te
x/latex/xcolor/xcolor.sty
(/nix/store/xjrq257gzp8lrcwi0dx2kk9k8nvdrdm9-texlive-combined-2025-texmfdist/te
x/latex/graphics-cfg/color.cfg)
(/nix/store/xjrq257gzp8lrcwi0dx2kk9k8nvdrdm9-texlive-combined-2025-texmfdist/te
x/latex/graphics-def/xetex.def)
(/nix/store/xjrq257gzp8lrcwi0dx2kk9k8nvdrdm9-texlive-combined-2025-texmfdist/te
x/latex/graphics/mathcolor.ltx))
(/nix/store/xjrq257gzp8lrcwi0dx2kk9k8nvdrdm9-texlive-combined-2025-texmfdist/te
x/latex/tcolorbox/tcolorbox.sty
(/nix/store/xjrq257gzp8lrcwi0dx2kk9k8nvdrdm9-texlive-combined-2025-texmfdist/te
x/latex/pgf/frontendlayer/tikz.sty
(/nix/store/xjrq257gzp8lrcwi0dx2kk9k8nvdrdm9-texlive-combined-2025-texmfdist/te
x/latex/pgf/basiclayer/pgf.sty
(/nix/store/xjrq257gzp8lrcwi0dx2kk9k8nvdrdm9-texlive-combined-2025-texmfdist/te
x/latex/pgf/utilities/pgfrcs.sty
(/nix/store/xjrq257gzp8lrcwi0dx2kk9k8nvdrdm9-texlive-combined-2025-texmfdist/te
x/generic/pgf/utilities/pgfutil-common.tex)
(/nix/store/xjrq257gzp8lrcwi0dx2kk9k8nvdrdm9-texlive-combined-2025-texmfdist/te
x/generic/pgf/utilities/pgfutil-latex.def)
(/nix/store/xjrq257gzp8lrcwi0dx2kk9k8nvdrdm9-texlive-combined-2025-texmfdist/te
x/generic/pgf/utilities/pgfrcs.code.tex
(/nix/store/xjrq257gzp8lrcwi0dx2kk9k8nvdrdm9-texlive-combined-2025-texmfdist/te
x/generic/pgf/pgf.revision.tex)))
(/nix/store/xjrq257gzp8lrcwi0dx2kk9k8nvdrdm9-texlive-combined-2025-texmfdist/te
x/latex/pgf/basiclayer/pgfcore.sty
(/nix/store/xjrq257gzp8lrcwi0dx2kk9k8nvdrdm9-texlive-combined-2025-texmfdist/te
x/latex/graphics/graphicx.sty
(/nix/store/xjrq257gzp8lrcwi0dx2kk9k8nvdrdm9-texlive-combined-2025-texmfdist/te
x/latex/graphics/graphics.sty
(/nix/store/xjrq257gzp8lrcwi0dx2kk9k8nvdrdm9-texlive-combined-2025-texmfdist/te
x/latex/graphics/trig.sty)
(/nix/store/xjrq257gzp8lrcwi0dx2kk9k8nvdrdm9-texlive-combined-2025-texmfdist/te
x/latex/graphics-cfg/graphics.cfg)))
(/nix/store/xjrq257gzp8lrcwi0dx2kk9k8nvdrdm9-texlive-combined-2025-texmfdist/te
x/latex/pgf/systemlayer/pgfsys.sty
(/nix/store/xjrq257gzp8lrcwi0dx2kk9k8nvdrdm9-texlive-combined-2025-texmfdist/te
x/generic/pgf/systemlayer/pgfsys.code.tex
(/nix/store/xjrq257gzp8lrcwi0dx2kk9k8nvdrdm9-texlive-combined-2025-texmfdist/te
x/generic/pgf/utilities/pgfkeys.code.tex
(/nix/store/xjrq257gzp8lrcwi0dx2kk9k8nvdrdm9-texlive-combined-2025-texmfdist/te
x/generic/pgf/utilities/pgfkeyslibraryfiltered.code.tex))
(/nix/store/xjrq257gzp8lrcwi0dx2kk9k8nvdrdm9-texlive-combined-2025-texmfdist/te
x/generic/pgf/systemlayer/pgf.cfg)
(/nix/store/xjrq257gzp8lrcwi0dx2kk9k8nvdrdm9-texlive-combined-2025-texmfdist/te
x/generic/pgf/systemlayer/pgfsys-xetex.def
(/nix/store/xjrq257gzp8lrcwi0dx2kk9k8nvdrdm9-texlive-combined-2025-texmfdist/te
x/generic/pgf/systemlayer/pgfsys-dvipdfmx.def
(/nix/store/xjrq257gzp8lrcwi0dx2kk9k8nvdrdm9-texlive-combined-2025-texmfdist/te
x/generic/pgf/systemlayer/pgfsys-common-pdf.def))))
(/nix/store/xjrq257gzp8lrcwi0dx2kk9k8nvdrdm9-texlive-combined-2025-texmfdist/te
x/generic/pgf/systemlayer/pgfsyssoftpath.code.tex)
(/nix/store/xjrq257gzp8lrcwi0dx2kk9k8nvdrdm9-texlive-combined-2025-texmfdist/te
x/generic/pgf/systemlayer/pgfsysprotocol.code.tex))
(/nix/store/xjrq257gzp8lrcwi0dx2kk9k8nvdrdm9-texlive-combined-2025-texmfdist/te
x/generic/pgf/basiclayer/pgfcore.code.tex
(/nix/store/xjrq257gzp8lrcwi0dx2kk9k8nvdrdm9-texlive-combined-2025-texmfdist/te
x/generic/pgf/math/pgfmath.code.tex
(/nix/store/xjrq257gzp8lrcwi0dx2kk9k8nvdrdm9-texlive-combined-2025-texmfdist/te
x/generic/pgf/math/pgfmathutil.code.tex)
(/nix/store/xjrq257gzp8lrcwi0dx2kk9k8nvdrdm9-texlive-combined-2025-texmfdist/te
x/generic/pgf/math/pgfmathparser.code.tex)
(/nix/store/xjrq257gzp8lrcwi0dx2kk9k8nvdrdm9-texlive-combined-2025-texmfdist/te
x/generic/pgf/math/pgfmathfunctions.code.tex)
(/nix/store/xjrq257gzp8lrcwi0dx2kk9k8nvdrdm9-texlive-combined-2025-texmfdist/te
x/generic/pgf/math/pgfmathfunctions.basic.code.tex)
(/nix/store/xjrq257gzp8lrcwi0dx2kk9k8nvdrdm9-texlive-combined-2025-texmfdist/te
x/generic/pgf/math/pgfmathfunctions.trigonometric.code.tex)
(/nix/store/xjrq257gzp8lrcwi0dx2kk9k8nvdrdm9-texlive-combined-2025-texmfdist/te
x/generic/pgf/math/pgfmathfunctions.random.code.tex)
(/nix/store/xjrq257gzp8lrcwi0dx2kk9k8nvdrdm9-texlive-combined-2025-texmfdist/te
x/generic/pgf/math/pgfmathfunctions.comparison.code.tex)
(/nix/store/xjrq257gzp8lrcwi0dx2kk9k8nvdrdm9-texlive-combined-2025-texmfdist/te
x/generic/pgf/math/pgfmathfunctions.base.code.tex)
(/nix/store/xjrq257gzp8lrcwi0dx2kk9k8nvdrdm9-texlive-combined-2025-texmfdist/te
x/generic/pgf/math/pgfmathfunctions.round.code.tex)
(/nix/store/xjrq257gzp8lrcwi0dx2kk9k8nvdrdm9-texlive-combined-2025-texmfdist/te
x/generic/pgf/math/pgfmathfunctions.misc.code.tex)
(/nix/store/xjrq257gzp8lrcwi0dx2kk9k8nvdrdm9-texlive-combined-2025-texmfdist/te
x/generic/pgf/math/pgfmathfunctions.integerarithmetics.code.tex)
(/nix/store/xjrq257gzp8lrcwi0dx2kk9k8nvdrdm9-texlive-combined-2025-texmfdist/te
x/generic/pgf/math/pgfmathcalc.code.tex)
(/nix/store/xjrq257gzp8lrcwi0dx2kk9k8nvdrdm9-texlive-combined-2025-texmfdist/te
x/generic/pgf/math/pgfmathfloat.code.tex))
(/nix/store/xjrq257gzp8lrcwi0dx2kk9k8nvdrdm9-texlive-combined-2025-texmfdist/te
x/generic/pgf/math/pgfint.code.tex)
(/nix/store/xjrq257gzp8lrcwi0dx2kk9k8nvdrdm9-texlive-combined-2025-texmfdist/te
x/generic/pgf/basiclayer/pgfcorepoints.code.tex)
(/nix/store/xjrq257gzp8lrcwi0dx2kk9k8nvdrdm9-texlive-combined-2025-texmfdist/te
x/generic/pgf/basiclayer/pgfcorepathconstruct.code.tex)
(/nix/store/xjrq257gzp8lrcwi0dx2kk9k8nvdrdm9-texlive-combined-2025-texmfdist/te
x/generic/pgf/basiclayer/pgfcorepathusage.code.tex)
(/nix/store/xjrq257gzp8lrcwi0dx2kk9k8nvdrdm9-texlive-combined-2025-texmfdist/te
x/generic/pgf/basiclayer/pgfcorescopes.code.tex)
(/nix/store/xjrq257gzp8lrcwi0dx2kk9k8nvdrdm9-texlive-combined-2025-texmfdist/te
x/generic/pgf/basiclayer/pgfcoregraphicstate.code.tex)
(/nix/store/xjrq257gzp8lrcwi0dx2kk9k8nvdrdm9-texlive-combined-2025-texmfdist/te
x/generic/pgf/basiclayer/pgfcoretransformations.code.tex)
(/nix/store/xjrq257gzp8lrcwi0dx2kk9k8nvdrdm9-texlive-combined-2025-texmfdist/te
x/generic/pgf/basiclayer/pgfcorequick.code.tex)
(/nix/store/xjrq257gzp8lrcwi0dx2kk9k8nvdrdm9-texlive-combined-2025-texmfdist/te
x/generic/pgf/basiclayer/pgfcoreobjects.code.tex)
(/nix/store/xjrq257gzp8lrcwi0dx2kk9k8nvdrdm9-texlive-combined-2025-texmfdist/te
x/generic/pgf/basiclayer/pgfcorepathprocessing.code.tex)
(/nix/store/xjrq257gzp8lrcwi0dx2kk9k8nvdrdm9-texlive-combined-2025-texmfdist/te
x/generic/pgf/basiclayer/pgfcorearrows.code.tex)
(/nix/store/xjrq257gzp8lrcwi0dx2kk9k8nvdrdm9-texlive-combined-2025-texmfdist/te
x/generic/pgf/basiclayer/pgfcoreshade.code.tex)
(/nix/store/xjrq257gzp8lrcwi0dx2kk9k8nvdrdm9-texlive-combined-2025-texmfdist/te
x/generic/pgf/basiclayer/pgfcoreimage.code.tex)
(/nix/store/xjrq257gzp8lrcwi0dx2kk9k8nvdrdm9-texlive-combined-2025-texmfdist/te
x/generic/pgf/basiclayer/pgfcoreexternal.code.tex)
(/nix/store/xjrq257gzp8lrcwi0dx2kk9k8nvdrdm9-texlive-combined-2025-texmfdist/te
x/generic/pgf/basiclayer/pgfcorelayers.code.tex)
(/nix/store/xjrq257gzp8lrcwi0dx2kk9k8nvdrdm9-texlive-combined-2025-texmfdist/te
x/generic/pgf/basiclayer/pgfcoretransparency.code.tex)
(/nix/store/xjrq257gzp8lrcwi0dx2kk9k8nvdrdm9-texlive-combined-2025-texmfdist/te
x/generic/pgf/basiclayer/pgfcorepatterns.code.tex)
(/nix/store/xjrq257gzp8lrcwi0dx2kk9k8nvdrdm9-texlive-combined-2025-texmfdist/te
x/generic/pgf/basiclayer/pgfcorerdf.code.tex)))
(/nix/store/xjrq257gzp8lrcwi0dx2kk9k8nvdrdm9-texlive-combined-2025-texmfdist/te
x/generic/pgf/modules/pgfmoduleshapes.code.tex)
(/nix/store/xjrq257gzp8lrcwi0dx2kk9k8nvdrdm9-texlive-combined-2025-texmfdist/te
x/generic/pgf/modules/pgfmoduleplot.code.tex)
(/nix/store/xjrq257gzp8lrcwi0dx2kk9k8nvdrdm9-texlive-combined-2025-texmfdist/te
x/latex/pgf/compatibility/pgfcomp-version-0-65.sty)
(/nix/store/xjrq257gzp8lrcwi0dx2kk9k8nvdrdm9-texlive-combined-2025-texmfdist/te
x/latex/pgf/compatibility/pgfcomp-version-1-18.sty))
(/nix/store/xjrq257gzp8lrcwi0dx2kk9k8nvdrdm9-texlive-combined-2025-texmfdist/te
x/latex/pgf/utilities/pgffor.sty
(/nix/store/xjrq257gzp8lrcwi0dx2kk9k8nvdrdm9-texlive-combined-2025-texmfdist/te
x/latex/pgf/utilities/pgfkeys.sty
(/nix/store/xjrq257gzp8lrcwi0dx2kk9k8nvdrdm9-texlive-combined-2025-texmfdist/te
x/generic/pgf/utilities/pgfkeys.code.tex))
(/nix/store/xjrq257gzp8lrcwi0dx2kk9k8nvdrdm9-texlive-combined-2025-texmfdist/te
x/latex/pgf/math/pgfmath.sty
(/nix/store/xjrq257gzp8lrcwi0dx2kk9k8nvdrdm9-texlive-combined-2025-texmfdist/te
x/generic/pgf/math/pgfmath.code.tex))
(/nix/store/xjrq257gzp8lrcwi0dx2kk9k8nvdrdm9-texlive-combined-2025-texmfdist/te
x/generic/pgf/utilities/pgffor.code.tex))
(/nix/store/xjrq257gzp8lrcwi0dx2kk9k8nvdrdm9-texlive-combined-2025-texmfdist/te
x/generic/pgf/frontendlayer/tikz/tikz.code.tex
(/nix/store/xjrq257gzp8lrcwi0dx2kk9k8nvdrdm9-texlive-combined-2025-texmfdist/te
x/generic/pgf/libraries/pgflibraryplothandlers.code.tex)
(/nix/store/xjrq257gzp8lrcwi0dx2kk9k8nvdrdm9-texlive-combined-2025-texmfdist/te
x/generic/pgf/modules/pgfmodulematrix.code.tex)
(/nix/store/xjrq257gzp8lrcwi0dx2kk9k8nvdrdm9-texlive-combined-2025-texmfdist/te
x/generic/pgf/frontendlayer/tikz/libraries/tikzlibrarytopaths.code.tex)))
(/nix/store/xjrq257gzp8lrcwi0dx2kk9k8nvdrdm9-texlive-combined-2025-texmfdist/te
x/latex/tools/verbatim.sty)
(/nix/store/xjrq257gzp8lrcwi0dx2kk9k8nvdrdm9-texlive-combined-2025-texmfdist/te
x/latex/environ/environ.sty
(/nix/store/xjrq257gzp8lrcwi0dx2kk9k8nvdrdm9-texlive-combined-2025-texmfdist/te
x/latex/trimspaces/trimspaces.sty))
(/nix/store/xjrq257gzp8lrcwi0dx2kk9k8nvdrdm9-texlive-combined-2025-texmfdist/te
x/latex/tcolorbox/tcbraster.code.tex
Library (tcolorbox): 'tcbraster.code.tex' version '6.9.0'
)
(/nix/store/xjrq257gzp8lrcwi0dx2kk9k8nvdrdm9-texlive-combined-2025-texmfdist/te
x/latex/tcolorbox/tcbskins.code.tex
Library (tcolorbox): 'tcbskins.code.tex' version '6.9.0'

(/nix/store/xjrq257gzp8lrcwi0dx2kk9k8nvdrdm9-texlive-combined-2025-texmfdist/te
x/latex/tikzfill/tikzfill.image.sty
(/nix/store/xjrq257gzp8lrcwi0dx2kk9k8nvdrdm9-texlive-combined-2025-texmfdist/te
x/latex/tikzfill/tikzfill-common.sty)
(/nix/store/xjrq257gzp8lrcwi0dx2kk9k8nvdrdm9-texlive-combined-2025-texmfdist/te
x/latex/tikzfill/tikzlibraryfill.image.code.tex))
(/nix/store/xjrq257gzp8lrcwi0dx2kk9k8nvdrdm9-texlive-combined-2025-texmfdist/te
x/latex/tcolorbox/tcbskinsjigsaw.code.tex
Library (tcolorbox): 'tcbskinsjigsaw.code.tex' version '6.9.0'
))
(/nix/store/xjrq257gzp8lrcwi0dx2kk9k8nvdrdm9-texlive-combined-2025-texmfdist/te
x/latex/tcolorbox/tcbbreakable.code.tex
Library (tcolorbox): 'tcbbreakable.code.tex' version '6.9.0'

(/nix/store/xjrq257gzp8lrcwi0dx2kk9k8nvdrdm9-texlive-combined-2025-texmfdist/te
x/latex/pdfcol/pdfcol.sty
(/nix/store/xjrq257gzp8lrcwi0dx2kk9k8nvdrdm9-texlive-combined-2025-texmfdist/te
x/generic/ltxcmds/ltxcmds.sty)
(/nix/store/xjrq257gzp8lrcwi0dx2kk9k8nvdrdm9-texlive-combined-2025-texmfdist/te
x/generic/infwarerr/infwarerr.sty)))
(/nix/store/xjrq257gzp8lrcwi0dx2kk9k8nvdrdm9-texlive-combined-2025-texmfdist/te
x/latex/tcolorbox/tcbhooks.code.tex
Library (tcolorbox): 'tcbhooks.code.tex' version '6.9.0'
)
(/nix/store/xjrq257gzp8lrcwi0dx2kk9k8nvdrdm9-texlive-combined-2025-texmfdist/te
x/latex/tcolorbox/tcbtheorems.code.tex
Library (tcolorbox): 'tcbtheorems.code.tex' version '6.9.0'
)
(/nix/store/xjrq257gzp8lrcwi0dx2kk9k8nvdrdm9-texlive-combined-2025-texmfdist/te
x/latex/tcolorbox/tcbfitting.code.tex
Library (tcolorbox): 'tcbfitting.code.tex' version '6.9.0'
)
(/nix/store/xjrq257gzp8lrcwi0dx2kk9k8nvdrdm9-texlive-combined-2025-texmfdist/te
x/latex/tcolorbox/tcblistingsutf8.code.tex
Library (tcolorbox): 'tcblistingsutf8.code.tex' version '6.9.0'

(/nix/store/xjrq257gzp8lrcwi0dx2kk9k8nvdrdm9-texlive-combined-2025-texmfdist/te
x/latex/tcolorbox/tcblistings.code.tex
Library (tcolorbox): 'tcblistings.code.tex' version '6.9.0'

(/nix/store/xjrq257gzp8lrcwi0dx2kk9k8nvdrdm9-texlive-combined-2025-texmfdist/te
x/latex/listings/listings.sty
(/nix/store/xjrq257gzp8lrcwi0dx2kk9k8nvdrdm9-texlive-combined-2025-texmfdist/te
x/latex/listings/lstpatch.sty)
(/nix/store/xjrq257gzp8lrcwi0dx2kk9k8nvdrdm9-texlive-combined-2025-texmfdist/te
x/latex/listings/lstmisc.sty)
(/nix/store/xjrq257gzp8lrcwi0dx2kk9k8nvdrdm9-texlive-combined-2025-texmfdist/te
x/latex/listings/listings.cfg))
(/nix/store/xjrq257gzp8lrcwi0dx2kk9k8nvdrdm9-texlive-combined-2025-texmfdist/te
x/xelatex/xecjk/xeCJK-listings.sty)
==> First Aid for listings.sty no longer applied!
    Expected:
        2024/09/23 1.10c (Carsten Heinz)
    but found:
        2025/11/14 1.11b (Carsten Heinz)
    so I'm assuming it got fixed.

(/nix/store/xjrq257gzp8lrcwi0dx2kk9k8nvdrdm9-texlive-combined-2025-texmfdist/te
x/latex/tcolorbox/tcblistingscore.code.tex
Library (tcolorbox): 'tcblistingscore.code.tex' version '6.9.0'

(/nix/store/xjrq257gzp8lrcwi0dx2kk9k8nvdrdm9-texlive-combined-2025-texmfdist/te
x/latex/tcolorbox/tcbprocessing.code.tex
Library (tcolorbox): 'tcbprocessing.code.tex' version '6.9.0'
))))
(/nix/store/xjrq257gzp8lrcwi0dx2kk9k8nvdrdm9-texlive-combined-2025-texmfdist/te
x/latex/tcolorbox/tcbexternal.code.tex
Library (tcolorbox): 'tcbexternal.code.tex' version '6.9.0'
)
(/nix/store/xjrq257gzp8lrcwi0dx2kk9k8nvdrdm9-texlive-combined-2025-texmfdist/te
x/latex/tcolorbox/tcbmagazine.code.tex
Library (tcolorbox): 'tcbmagazine.code.tex' version '6.9.0'
)
(/nix/store/xjrq257gzp8lrcwi0dx2kk9k8nvdrdm9-texlive-combined-2025-texmfdist/te
x/latex/tcolorbox/tcbvignette.code.tex
Library (tcolorbox): 'tcbvignette.code.tex' version '6.9.0'

(/nix/store/xjrq257gzp8lrcwi0dx2kk9k8nvdrdm9-texlive-combined-2025-texmfdist/te
x/generic/pgf/frontendlayer/tikz/libraries/tikzlibraryfadings.code.tex
(/nix/store/xjrq257gzp8lrcwi0dx2kk9k8nvdrdm9-texlive-combined-2025-texmfdist/te
x/generic/pgf/libraries/pgflibraryfadings.code.tex)))
(/nix/store/xjrq257gzp8lrcwi0dx2kk9k8nvdrdm9-texlive-combined-2025-texmfdist/te
x/latex/tcolorbox/tcbposter.code.tex
Library (tcolorbox): 'tcbposter.code.tex' version '6.9.0'
))
(/nix/store/xjrq257gzp8lrcwi0dx2kk9k8nvdrdm9-texlive-combined-2025-texmfdist/te
x/latex/fvextra/fvextra.sty
(/nix/store/xjrq257gzp8lrcwi0dx2kk9k8nvdrdm9-texlive-combined-2025-texmfdist/te
x/latex/fancyvrb/fancyvrb.sty)
(/nix/store/xjrq257gzp8lrcwi0dx2kk9k8nvdrdm9-texlive-combined-2025-texmfdist/te
x/latex/upquote/upquote.sty
(/nix/store/xjrq257gzp8lrcwi0dx2kk9k8nvdrdm9-texlive-combined-2025-texmfdist/te
x/latex/base/textcomp.sty))
(/nix/store/xjrq257gzp8lrcwi0dx2kk9k8nvdrdm9-texlive-combined-2025-texmfdist/te
x/latex/lineno/lineno.sty
(/nix/store/xjrq257gzp8lrcwi0dx2kk9k8nvdrdm9-texlive-combined-2025-texmfdist/te
x/latex/kvoptions/kvoptions.sty
(/nix/store/xjrq257gzp8lrcwi0dx2kk9k8nvdrdm9-texlive-combined-2025-texmfdist/te
x/latex/kvsetkeys/kvsetkeys.sty))))
(/nix/store/xjrq257gzp8lrcwi0dx2kk9k8nvdrdm9-texlive-combined-2025-texmfdist/te
x/latex/listings/lstlang1.sty)
(/nix/store/xjrq257gzp8lrcwi0dx2kk9k8nvdrdm9-texlive-combined-2025-texmfdist/te
x/latex/listings/lstlang1.sty)
(/nix/store/xjrq257gzp8lrcwi0dx2kk9k8nvdrdm9-texlive-combined-2025-texmfdist/te
x/latex/hyperref/hyperref.sty
(/nix/store/xjrq257gzp8lrcwi0dx2kk9k8nvdrdm9-texlive-combined-2025-texmfdist/te
x/generic/kvdefinekeys/kvdefinekeys.sty)
(/nix/store/xjrq257gzp8lrcwi0dx2kk9k8nvdrdm9-texlive-combined-2025-texmfdist/te
x/generic/pdfescape/pdfescape.sty
(/nix/store/xjrq257gzp8lrcwi0dx2kk9k8nvdrdm9-texlive-combined-2025-texmfdist/te
x/generic/pdftexcmds/pdftexcmds.sty))
(/nix/store/xjrq257gzp8lrcwi0dx2kk9k8nvdrdm9-texlive-combined-2025-texmfdist/te
x/latex/hycolor/hycolor.sty)
(/nix/store/xjrq257gzp8lrcwi0dx2kk9k8nvdrdm9-texlive-combined-2025-texmfdist/te
x/latex/hyperref/nameref.sty
(/nix/store/xjrq257gzp8lrcwi0dx2kk9k8nvdrdm9-texlive-combined-2025-texmfdist/te
x/latex/refcount/refcount.sty)
(/nix/store/xjrq257gzp8lrcwi0dx2kk9k8nvdrdm9-texlive-combined-2025-texmfdist/te
x/generic/gettitlestring/gettitlestring.sty))
(/nix/store/xjrq257gzp8lrcwi0dx2kk9k8nvdrdm9-texlive-combined-2025-texmfdist/te
x/generic/stringenc/stringenc.sty)
(/nix/store/xjrq257gzp8lrcwi0dx2kk9k8nvdrdm9-texlive-combined-2025-texmfdist/te
x/latex/hyperref/pd1enc.def)
(/nix/store/xjrq257gzp8lrcwi0dx2kk9k8nvdrdm9-texlive-combined-2025-texmfdist/te
x/generic/intcalc/intcalc.sty)
(/nix/store/xjrq257gzp8lrcwi0dx2kk9k8nvdrdm9-texlive-combined-2025-texmfdist/te
x/latex/hyperref/puenc.def)
(/nix/store/xjrq257gzp8lrcwi0dx2kk9k8nvdrdm9-texlive-combined-2025-texmfdist/te
x/latex/url/url.sty)
(/nix/store/xjrq257gzp8lrcwi0dx2kk9k8nvdrdm9-texlive-combined-2025-texmfdist/te
x/generic/bitset/bitset.sty
(/nix/store/xjrq257gzp8lrcwi0dx2kk9k8nvdrdm9-texlive-combined-2025-texmfdist/te
x/generic/bigintcalc/bigintcalc.sty)))
(/nix/store/xjrq257gzp8lrcwi0dx2kk9k8nvdrdm9-texlive-combined-2025-texmfdist/te
x/latex/hyperref/hxetex.def
(/nix/store/xjrq257gzp8lrcwi0dx2kk9k8nvdrdm9-texlive-combined-2025-texmfdist/te
x/latex/rerunfilecheck/rerunfilecheck.sty
(/nix/store/xjrq257gzp8lrcwi0dx2kk9k8nvdrdm9-texlive-combined-2025-texmfdist/te
x/generic/uniquecounter/uniquecounter.sty)))
(../results/report/assignment02.aux)
*geometry* driver: auto-detecting
*geometry* detected driver: xetex
(../results/report/assignment02.out) (../results/report/assignment02.out)
(/nix/store/xjrq257gzp8lrcwi0dx2kk9k8nvdrdm9-texlive-combined-2025-texmfdist/te
x/latex/amsfonts/umsa.fd)
(/nix/store/xjrq257gzp8lrcwi0dx2kk9k8nvdrdm9-texlive-combined-2025-texmfdist/te
x/latex/amsfonts/umsb.fd)
ignored error: Infinite glue shrinkage found in box being split [1] [2]
[3] [4] [5] [6] [7] [8] [9] [10] [11] [12] [13] [14] [15] [16] [17] [18]
[19] [20]
ignored error: Infinite glue shrinkage found in box being split [21]
ignored error: Infinite glue shrinkage found in box being split [22] [23]
[24] [25]
Underfull \hbox (badness 1796) in paragraph at lines 2057--2061
[]\TU/FandolSong-Regular(0)/m/n/10.95 本 地 运 行 \TU/DejaVuSansMono(0)/m/n/10.95 /
tmp/assignment02-venv/bin/python -m pytest tests/test_block_scale.py -q\TU/Fand
olSong-Regular(0)/m/n/10.95 ：| \TU/DejaVuSansMono(0)/m/n/10.95 3
[26] [27] [28] [29] [30] [31] [32] [33] (../results/report/assignment02.aux) )
(see the transcript file for additional information)
Output written on ../results/report/assignment02.pdf (33 pages).
Transcript written on ../results/report/assignment02.log.
