layer                    M      N      K        us    TFLOPS      GB/s      AI  %TCpeak      %BW
f_b_proj                 1   1536    128       3.9       0.1     102.4     1.0     0.0%     1.3%
f_b_proj                 8   1536    128       4.0       0.8     103.8     7.5     0.0%     1.3%
f_b_proj                16   1536    128       3.9       1.6     115.3    14.1     0.1%     1.4%
f_b_proj                64   1536    128       3.8       6.6     159.3    41.5     0.3%     2.0%
f_b_proj               256   1536    128       3.9      25.9     320.0    80.8     1.1%     4.0%
f_b_proj              1024   1536    128       4.0     100.8     951.6   105.9     4.5%    11.9%
f_b_proj              4096   1536    128       5.0     325.0    2829.8   114.8    14.4%    35.4%
f_b_proj             16384   1536    128      11.3     572.2    4877.7   117.3    25.4%    61.0%
f_b_proj             65536   1536    128      37.1     694.1    5885.0   117.9    30.8%    73.6%

q_b_proj                 1   2304   1536       9.3       0.8     762.0     1.0     0.0%     9.5%
q_b_proj                 8   2304   1536       5.9       9.6    1208.3     7.9     0.4%    15.1%
q_b_proj                16   2304   1536       3.6      31.5    2003.5    15.7     1.4%    25.0%
q_b_proj                64   2304   1536       3.7     123.9    2071.0    59.8     5.5%    25.9%
q_b_proj               256   2304   1536       3.9     470.6    2348.8   200.3    20.9%    29.4%
q_b_proj              1024   2304   1536       6.0    1212.9    2500.5   485.1    53.9%    31.3%
q_b_proj              4096   2304   1536      16.6    1743.1    2317.0   752.3    77.5%    29.0%
q_b_proj             16384   2304   1536      60.9    1904.6    2182.9   872.5    84.6%    27.3%
q_b_proj             65536   2304   1536     228.9    2026.7    2230.0   908.8    90.1%    27.9%

o_proj                   1   7168   1536       4.7       4.6    4653.0     1.0     0.2%    58.2%
o_proj                   8   7168   1536       3.6      48.4    6086.9     7.9     2.2%    76.1%
o_proj                  16   7168   1536       3.7      94.5    5982.4    15.8     4.2%    74.8%
o_proj                  64   7168   1536       4.5     313.5    5146.1    60.9    13.9%    64.3%
o_proj                 256   7168   1536       6.1     930.1    4368.4   212.9    41.3%    54.6%
o_proj                1024   7168   1536      16.5    1366.0    2413.8   565.9    60.7%    30.2%
o_proj                4096   7168   1536      47.3    1906.5    1972.6   966.5    84.7%    24.7%
o_proj               16384   7168   1536     179.9    2005.2    1707.6  1174.3    89.1%    21.3%
o_proj               65536   7168   1536     690.2    2090.7    1684.7  1241.0    92.9%    21.1%

fused_qkv_a_proj         1   2112   7168       7.8       3.9    3877.5     1.0     0.2%    48.5%
fused_qkv_a_proj         8   2112   7168       6.6      36.8    4628.8     8.0     1.6%    57.9%
fused_qkv_a_proj        16   2112   7168       6.7      72.4    4572.4    15.8     3.2%    57.2%
fused_qkv_a_proj        64   2112   7168       9.1     212.7    3454.0    61.6     9.5%    43.2%
fused_qkv_a_proj       256   2112   7168      10.6     729.5    3297.0   221.3    32.4%    41.2%
fused_qkv_a_proj      1024   2112   7168      20.6    1504.5    2391.5   629.1    66.9%    29.9%
fused_qkv_a_proj      4096   2112   7168      70.7    1754.7    1504.0  1166.7    78.0%    18.8%
fused_qkv_a_proj     16384   2112   7168     271.6    1826.3    1231.0  1483.6    81.2%    15.4%
fused_qkv_a_proj     65536   2112   7168    1142.2    1737.2    1091.4  1591.7    77.2%    13.6%

in_proj_qkvgfab          1   6288   7168      16.9       5.3    5348.0     1.0     0.2%    66.8%
in_proj_qkvgfab          8   6288   7168      15.7      45.8    5741.0     8.0     2.0%    71.8%
in_proj_qkvgfab         16   6288   7168      16.6      86.6    5441.0    15.9     3.9%    68.0%
in_proj_qkvgfab         64   6288   7168      15.1     383.1    6100.3    62.8    17.0%    76.3%
in_proj_qkvgfab        256   6288   7168      22.9    1007.8    4237.7   237.8    44.8%    53.0%
in_proj_qkvgfab       1024   6288   7168      65.5    1408.9    1796.5   784.2    62.6%    22.5%
in_proj_qkvgfab       4096   6288   7168     208.8    1768.0     959.5  1842.7    78.6%    12.0%
in_proj_qkvgfab      16384   6288   7168     839.3    1759.8     632.8  2781.0    78.2%     7.9%
in_proj_qkvgfab      65536   6288   7168    3507.8    1684.2     528.5  3186.7    74.9%     6.6%

dense_down_proj          1   7168   8448      25.1       4.8    4828.5     1.0     0.2%    60.4%
dense_down_proj          8   7168   8448      23.5      41.3    5172.8     8.0     1.8%    64.7%
dense_down_proj         16   7168   8448      23.9      81.2    5095.7    15.9     3.6%    63.7%
dense_down_proj         64   7168   8448      27.7     280.2    4450.1    63.0    12.5%    55.6%
dense_down_proj        256   7168   8448      30.2    1027.0    4276.7   240.1    45.6%    53.5%
dense_down_proj       1024   7168   8448     102.6    1208.9    1492.3   810.1    53.7%    18.7%
dense_down_proj       4096   7168   8448     274.0    1810.4     908.9  1991.9    80.5%    11.4%
dense_down_proj      16384   7168   8448    1189.9    1667.5     531.8  3135.6    74.1%     6.6%
dense_down_proj      65536   7168   8448    4865.3    1631.4     445.6  3661.1    72.5%     5.6%

dense_gate_up_proj       1  16896   7168      39.8       6.1    6089.0     1.0     0.3%    76.1%
dense_gate_up_proj       8  16896   7168      38.2      50.8    6357.5     8.0     2.3%    79.5%
dense_gate_up_proj      16  16896   7168      39.0      99.4    6233.0    15.9     4.4%    77.9%
dense_gate_up_proj      64  16896   7168      40.3     384.4    6082.9    63.2    17.1%    76.0%
dense_gate_up_proj     256  16896   7168      50.8    1219.8    5007.0   243.6    54.2%    62.6%
dense_gate_up_proj    1024  16896   7168     139.2    1781.8    2094.1   850.9    79.2%    26.2%
dense_gate_up_proj    4096  16896   7168     575.0    1725.5     764.1  2258.2    76.7%     9.6%
dense_gate_up_proj   16384  16896   7168    2396.4    1656.0     430.1  3850.2    73.6%     5.4%
dense_gate_up_proj   65536  16896   7168    9450.3    1679.8     359.4  4673.9    74.7%     4.5%

